[backblue.gif]
[fade.gif]
[index.html]
[www.derayah.com/Html/MobileHelpiPhone.html]
[www.derayah.com/Html/MobileHelpAndroid.html]
[www.w3.org/1999/xhtml/index.html]
[www.derayah.com/index.html]
[web.derayah.com/ar/index.html]
[www.w3.org/1999/xhtml/index.html]
[www.derayah.com/images/header.png]
[www.derayah.com/images/chooseEN.png]
[www.derayah.com/images/chooseAR.png]
[www.derayah.com/web/ar/index.html]
[www.derayah.com/images/Desktop.png]
[www.derayah.com/images/gdmobmanage.png]
[www.derayah.com/images/gdmobtrading.png]
[www.derayah.com/Html/MobileHelpiPhone.html]
[www.derayah.com/images/recommend.png]
[www.derayah.com/Html/MobileHelpAndroid.html]
[web.derayah.com/ar/feed/index.html]
[web.derayah.com/ar/comments/feed/index.html]
[web.derayah.com/wp-includes/js/jquery/jqueryb8ff.js]
[web.derayah.com/wp-includes/js/jquery/jquery-migrate.min330a.js]
[web.derayah.com/wp-content/plugins/revslider/public/assets/js/jquery.themepunch.tools.min4ee1.js]
[web.derayah.com/wp-content/plugins/revslider/public/assets/js/jquery.themepunch.revolution.min4ee1.js]
[web.derayah.com/wp-content/plugins/social-pug/assets/js/front-end4a41.js]
[web.derayah.com/wp-content/themes/deraya/vendors/bootstrap-sass/assets/javascripts/bootstrap.min4a41.js]
[web.derayah.com/wp-content/themes/deraya/vendors/scrolling-tabs/jquery.scrolling-tabs4a41.js]
[web.derayah.com/wp-content/themes/deraya/vendors/charts/Chart.bundle.min4a41.js]
[web.derayah.com/wp-content/themes/deraya/vendors/jquery.validate/jquery.validate.min4a41.js]
[web.derayah.com/wp-content/themes/deraya/vendors/jquery.textfill/jquery.textfill.min4a41.js]
[web.derayah.com/wp-content/themes/deraya/vendors/responsive-tabs/responsive-tabs4a41.js]
[web.derayah.com/wp-content/themes/deraya/vendors/ekko-lightbox/ekko-lightbox.min4a41.js]
[web.derayah.com/wp-content/themes/deraya/vendors/flickity/flickity.pkgd.min4a41.js]
[web.derayah.com/wp-content/plugins/qtranslate-x/flags/arle.png]
[web.derayah.com/ar/wp-json/index.html]
[web.derayah.com/wp-content/plugins/qtranslate-x/flags/gb.png]
[web.derayah.com/wp-content/uploads/2017/11/logo.png]
[web.derayah.com/wp-content/uploads/2017/11/bakheet-e1514149251897.png]
[web.derayah.com/ar/investments-products/index.html]
[web.derayah.com/wp-content/uploads/2017/11/anb.png]
[web.derayah.com/wp-content/uploads/2017/11/ncb.png]
[web.derayah.com/ar/mutual-fund-supermarket/index.html]
[web.derayah.com/wp-content/uploads/2017/11/jadwa.png]
[web.derayah.com/ar/product_type/real-estate-funds/index.html]
[web.derayah.com/wp-content/uploads/2017/11/samba.png]
[web.derayah.com/ar/product_type/equity-funds/index.html]
[web.derayah.com/wp-content/uploads/2017/11/saib.png]
[web.derayah.com/wp-content/uploads/2017/11/awal-1.png]
[web.derayah.com/ar/assets-management/index.html]
[web.derayah.com/wp-content/uploads/2017/11/alrajhi-1.png]
[web.derayah.com/wp-content/themes/deraya/images/flags/ae.png]
[web.derayah.com/wp-content/themes/deraya/images/flags/sa.png]
[web.derayah.com/ar/products/derayah-income-generating-funds/index.html]
[web.derayah.com/ar/products/صناديق-دراية-للتطوير-العقاري/index.html]
[web.derayah.com/wp-content/themes/deraya/images/flags/eg.png]
[web.derayah.com/ar/products/derayah-ipo-fund/index.html]
[web.derayah.com/ar/products/derayah-free-style-fund/index.html]
[web.derayah.com/ar/trade/index.html]
[web.derayah.com/wp-content/themes/deraya/images/flags/bh.png]
[web.derayah.com/ar/platforms/derayah-global-platform/index.html]
[web.derayah.com/ar/platforms/derayah-platform/index.html]
[web.derayah.com/ar/compare-derayah-others/index.html]
[web.derayah.com/wp-content/themes/deraya/images/flags/om.png]
[web.derayah.com/ar/prices-fees/index.html]
[web.derayah.com/wp-content/themes/deraya/images/flags/kw.png]
[web.derayah.com/wp-content/themes/deraya/images/flags/us.png]
[web.derayah.com/wp-content/themes/deraya/images/flags/au.png]
[web.derayah.com/wp-content/themes/deraya/images/flags/at.png]
[web.derayah.com/wp-content/themes/deraya/images/flags/be.png]
[web.derayah.com/wp-content/themes/deraya/images/flags/ca.png]
[web.derayah.com/wp-content/themes/deraya/images/flags/fr.png]
[web.derayah.com/wp-content/themes/deraya/images/flags/de.png]
[web.derayah.com/wp-content/themes/deraya/images/flags/hk.png]
[web.derayah.com/wp-content/themes/deraya/images/flags/it.png]
[web.derayah.com/wp-content/themes/deraya/images/flags/jp.png]
[web.derayah.com/wp-content/themes/deraya/images/flags/mx.png]
[web.derayah.com/wp-content/themes/deraya/images/flags/nl.png]
[web.derayah.com/wp-content/themes/deraya/images/flags/no.png]
[web.derayah.com/wp-content/themes/deraya/images/flags/pt.png]
[web.derayah.com/wp-content/themes/deraya/images/flags/sg.png]
[web.derayah.com/wp-content/themes/deraya/images/flags/es.png]
[web.derayah.com/wp-content/themes/deraya/images/flags/ch.png]
[web.derayah.com/wp-content/themes/deraya/images/flags/gb.png]
[web.derayah.com/wp-content/plugins/revslider/admin/assets/images/dummy.png]
[web.derayah.com/ar/margins/index.html]
[web.derayah.com/ar/margin/murabaha-margin/index.html]
[web.derayah.com/ar/margin/free-margin-trading/index.html]
[web.derayah.com/ar/margin/free-margin/index.html]
[web.derayah.com/wp-content/uploads/2018/01/pic_invest-e1515523880463.png]
[web.derayah.com/ar/important-concepts/index.html]
[web.derayah.com/wp-content/uploads/2017/11/icon.png]
[web.derayah.com/ar/contact-us/index.html]
[web.derayah.com/ar/about-us/index.html]
[web.derayah.com/ar/board-of-directors/index.html]
[web.derayah.com/ar/login/index.html]
[web.derayah.com/ar/management-team/index.html]
[web.derayah.com/wp-content/uploads/2017/11/know_icon-e1513780707220.png]
[web.derayah.com/ar/faq/index.html]
[web.derayah.com/ar/resarch/index.html]
[web.derayah.com/wp-content/uploads/2017/11/talk_icon.png]
[web.derayah.com/ar/featured-blog/index.html]
[web.derayah.com/wp-content/uploads/2017/12/footer-logo.png]
[web.derayah.com/ar/clients-support/index.html]
[web.derayah.com/wp-content/themes/deraya/js/navigation4a7d.js]
[web.derayah.com/ar/careers/index.html]
[web.derayah.com/wp-content/themes/deraya/js/skip-link-focus-fix4a7d.js]
[web.derayah.com/wp-includes/js/wp-embed.min4a41.js]
[web.derayah.com/wp-content/plugins/yikes-inc-easy-mailchimp-extender/public/js/yikes-mc-ajax-forms.minf12b.js]
[web.derayah.com/wp-content/plugins/yikes-inc-easy-mailchimp-extender/public/js/form-submission-helpers.minf12b.js]
[web.derayah.com/ar/index.html]
[www.derayah.com/Scripts/fullscreen.js]
[www.derayah.com/css/irotate.html]
[www.derayah.com/Scripts/RedirectUtil.js]
[www.derayah.com/css/redirect.css]
[www.derayah.com/web/ar/index.html]
[www.googletagmanager.com/gtm5445.html]
[web.derayah.com/wp-content/plugins/revslider/public/assets/css/openhand.cur]
[web.derayah.com/wp-content/plugins/revslider/public/assets/css/closedhand.cur]
[web.derayah.com/wp-content/plugins/revslider/public/assets/assets/gridtile.png]
[web.derayah.com/wp-content/plugins/revslider/public/assets/assets/gridtile_white.png]
[web.derayah.com/wp-content/plugins/revslider/public/assets/assets/gridtile_3x3.png]
[web.derayah.com/wp-content/plugins/revslider/public/assets/assets/gridtile_3x3_white.png]
[web.derayah.com/wp-content/plugins/revslider/public/assets/assets/coloredbg.png]
[web.derayah.com/wp-content/plugins/revslider/public/assets/assets/loader.gif]
[web.derayah.com/wp-content/plugins/revslider/public/assets/css/settings4ee1.css]
[web.derayah.com/wp-content/plugins/social-pug/assets/css/style-frontend4a41.css]
[web.derayah.com/wp-content/plugins/ultimate-faqs/images/insert_link.png]
[web.derayah.com/wp-content/plugins/ultimate-faqs/images/Thumbs-up-icon.png]
[web.derayah.com/wp-content/plugins/ultimate-faqs/images/Thumbs-down-icon.png]
[web.derayah.com/wp-content/plugins/ultimate-faqs/css/fonts/ewd-toggle-icon.eot]
[web.derayah.com/wp-content/plugins/ultimate-faqs/css/fonts/ewd-toggle-icon.woff2]
[web.derayah.com/wp-content/plugins/ultimate-faqs/css/fonts/ewd-toggle-icon.woff]
[web.derayah.com/wp-content/plugins/ultimate-faqs/css/fonts/ewd-toggle-icon.ttf]
[web.derayah.com/wp-content/plugins/ultimate-faqs/css/ewd-ufaq-styles4a41.css]
[web.derayah.com/wp-content/plugins/ultimate-faqs/css/rrssb-min4a41.css]
[web.derayah.com/wp-content/themes/deraya/css/fonts/fontawesome-webfont3e6e.eot]
[web.derayah.com/wp-content/themes/deraya/css/fonts/fontawesome-webfontd41d.eot]
[web.derayah.com/wp-content/themes/deraya/css/fonts/fontawesome-webfont3e6e.woff2]
[web.derayah.com/wp-content/themes/deraya/css/fonts/fontawesome-webfont3e6e.woff]
[web.derayah.com/wp-content/themes/deraya/css/fonts/fontawesome-webfont3e6e.ttf]
[web.derayah.com/wp-content/themes/deraya/images/lines.png]
[web.derayah.com/wp-content/themes/deraya/images/footer-lines.png]
[web.derayah.com/wp-content/themes/deraya/images/phone.png]
[web.derayah.com/wp-content/themes/deraya/images/login-icon.png]
[web.derayah.com/wp-content/themes/deraya/images/phone-gray.png]
[web.derayah.com/wp-content/themes/deraya/images/doclib.png]
[web.derayah.com/wp-content/themes/deraya/images/envlope.png]
[web.derayah.com/wp-content/themes/deraya/images/ask-here.png]
[web.derayah.com/wp-content/themes/deraya/css/rtl4a41.css]
[web.derayah.com/wp-content/themes/deraya/vendors/ekko-lightbox/ekko-lightbox4a41.css]
[web.derayah.com/wp-content/themes/deraya/vendors/flickity/flickity.min4a41.css]
[web.derayah.com/ar/wp-json/oembed/1.0/embedb3e1.json]
[web.derayah.com/ar/wp-json/oembed/1.0/embedaf11]
[web.derayah.com/wp-content/uploads/2017/11/super_market-1-304x195.jpg]
[web.derayah.com/wp-content/uploads/2017/11/equity_funds-1-304x195.jpg]
[web.derayah.com/wp-content/uploads/2017/11/realestate-1-304x195.jpg]
[web.derayah.com/ar/investments-products/index.html]
[web.derayah.com/ar/wp-json/oembed/1.0/embed1340.json]
[web.derayah.com/ar/wp-json/oembed/1.0/embedf459]
[web.derayah.com/wp-content/uploads/2017/11/icon-3-e1513780647550.png]
[web.derayah.com/wp-content/uploads/2017/11/smile-e1513781167279.png]
[web.derayah.com/wp-content/uploads/2017/11/super_market-e1513781145774.png]
[web.derayah.com/wp-content/uploads/2017/11/Untitled-3-e1513781355105.png]
[web.derayah.com/wp-content/uploads/2017/11/Untitled-5.png]
[web.derayah.com/wp-content/uploads/2017/11/Untitled-4-e1513782598843.png]
[web.derayah.com/ar/mutual-fund-supermarket/index.html]
[web.derayah.com/ar/product_type/real-estate-funds/index.html]
[web.derayah.com/ar/product_type/equity-funds/index.html]
[web.derayah.com/ar/wp-json/oembed/1.0/embed1cb5.json]
[web.derayah.com/ar/product_type/equity-funds/feed/index.html]
[web.derayah.com/ar/product_type/real-estate-funds/feed/index.html]
[web.derayah.com/ar/wp-json/oembed/1.0/embed5de8]
[web.derayah.com/wp-content/uploads/2017/12/Untitled-10-e1513780620105.png]
[web.derayah.com/wp-content/uploads/2017/12/Untitled-8-e1513780606728.png]
[web.derayah.com/wp-content/uploads/2017/12/Untitled-11-e1513780690705.png]
[web.derayah.com/ar/assets-management/index.html]
[web.derayah.com/ar/wp-json/oembed/1.0/embed1619.json]
[web.derayah.com/ar/wp-json/oembed/1.0/embed8f40]
[web.derayah.com/ar/products/derayah-income-generating-funds/index.html]
[web.derayah.com/ar/products/صناديق-دراية-للتطوير-العقاري/index.html]
[web.derayah.com/ar/wp-json/oembed/1.0/embedd01b.json]
[web.derayah.com/ar/wp-json/oembed/1.0/embed8331]
[web.derayah.com/ar/products/derayah-ipo-fund/index.html]
[web.derayah.com/ar/wp-json/oembed/1.0/embed8c26.json]
[web.derayah.com/ar/wp-json/oembed/1.0/embed445f]
[web.derayah.com/wp-content/uploads/2017/11/logo-transparent.png]
[web.derayah.com/ar/products/derayah-free-style-fund/index.html]
[web.derayah.com/ar/wp-json/oembed/1.0/embed9ff4.json]
[web.derayah.com/ar/wp-json/oembed/1.0/embed41f1]
[web.derayah.com/wp-content/uploads/2017/12/global-platform-e1516011750751.png]
[web.derayah.com/wp-content/uploads/2017/12/derayah-global-e1516012025159.png]
[web.derayah.com/wp-content/uploads/2017/12/Untitled-7-e1513969342679.png]
[web.derayah.com/wp-content/uploads/2017/12/Untitled-9-e1513969198440.png]
[web.derayah.com/wp-content/uploads/2017/12/money-e1517249171697.png]
[web.derayah.com/wp-content/uploads/2017/12/eighttypes-1.png]
[web.derayah.com/wp-content/uploads/2017/12/Untitled-12-e1513969226228.png]
[web.derayah.com/wp-content/uploads/2017/11/ideation.png]
[web.derayah.com/wp-content/uploads/2017/11/slogan-1.png]
[web.derayah.com/wp-content/uploads/2017/12/platforms_bg.jpg]
[web.derayah.com/wp-content/uploads/2017/12/Untitled-16.png]
[web.derayah.com/wp-content/uploads/2017/12/Untitled-15-e1513968804648.png]
[web.derayah.com/wp-content/uploads/2017/12/ADX.png]
[web.derayah.com/wp-content/uploads/2017/12/DFM.png]
[web.derayah.com/wp-content/uploads/2017/12/nasdaqdubai.png]
[web.derayah.com/wp-content/uploads/2017/12/Tadawul.png]
[web.derayah.com/wp-content/uploads/2017/12/Tadawul-1.png]
[web.derayah.com/wp-content/uploads/2017/12/EygptExchange.png]
[web.derayah.com/wp-content/uploads/2017/12/BB.png]
[web.derayah.com/wp-content/uploads/2017/12/MSM.png]
[web.derayah.com/wp-content/uploads/2017/12/Kuwait-Stock-Exchange-Logo.png]
[web.derayah.com/wp-content/uploads/2017/12/NYSE.png]
[web.derayah.com/wp-content/uploads/2017/12/NASDAQ.png]
[web.derayah.com/wp-content/uploads/2017/12/NYSEMKT.jpg]
[web.derayah.com/ar/trade/index.html]
[web.derayah.com/ar/wp-json/oembed/1.0/embed0d40.json]
[web.derayah.com/ar/wp-json/oembed/1.0/embed0602]
[web.derayah.com/wp-content/uploads/2017/12/gold-ingots-e1517249213361.png]
[web.derayah.com/wp-content/uploads/2017/12/barrel-e1517249248684.png]
[web.derayah.com/wp-content/uploads/2017/12/package-e1517249276976.png]
[web.derayah.com/wp-content/uploads/2017/11/AR-170429902-e1516275510788-353x270.jpg]
[web.derayah.com/ar/platforms/derayah-platform/index.html]
[web.derayah.com/ar/wp-json/oembed/1.0/embed2510.json]
[web.derayah.com/ar/wp-json/oembed/1.0/embed2c49]
[web.derayah.com/wp-content/uploads/2017/12/learn_more-380x270.jpg]
[web.derayah.com/ar/platforms/derayah-global-platform/index.html]
[web.derayah.com/ar/wp-json/oembed/1.0/embed12ac.json]
[web.derayah.com/ar/wp-json/oembed/1.0/embedcc14]
[web.derayah.com/ar/prices-fees/index.html]
[web.derayah.com/ar/wp-json/oembed/1.0/embed2ba7.json]
[web.derayah.com/ar/wp-json/oembed/1.0/embed4fef]
[web.derayah.com/ar/compare-derayah-others/index.html]
[web.derayah.com/ar/wp-json/oembed/1.0/embed71d8.json]
[web.derayah.com/ar/wp-json/oembed/1.0/embed0a5e]
[web.derayah.com/wp-content/uploads/2017/12/Fund-1068x601.jpg]
[web.derayah.com/ar/margins/index.html]
[web.derayah.com/ar/wp-json/oembed/1.0/embed5ae8.json]
[web.derayah.com/ar/margin/murabaha-margin/index.html]
[web.derayah.com/ar/wp-json/oembed/1.0/embed4adb]
[web.derayah.com/ar/wp-json/oembed/1.0/embed1641.json]
[web.derayah.com/ar/wp-json/oembed/1.0/embed417a]
[web.derayah.com/ar/margin/free-margin-trading/index.html]
[web.derayah.com/ar/wp-json/oembed/1.0/embed13ed.json]
[web.derayah.com/ar/wp-json/oembed/1.0/embedf817]
[web.derayah.com/ar/margin/free-margin/index.html]
[web.derayah.com/ar/wp-json/oembed/1.0/embedee79.json]
[web.derayah.com/ar/wp-json/oembed/1.0/embeda614]
[web.derayah.com/ar/important-concepts/index.html]
[web.derayah.com/ar/wp-json/oembed/1.0/embed9296.json]
[web.derayah.com/ar/wp-json/oembed/1.0/embed79fe]
[web.derayah.com/ar/case-form/index.html]
[web.derayah.com/wp-content/themes/deraya/images/24-hours.png]
[web.derayah.com/wp-content/themes/deraya/images/phone-icon.png]
[web.derayah.com/wp-content/themes/deraya/images/mail.png]
[web.derayah.com/wp-content/uploads/2018/01/jeddah.jpg]
[web.derayah.com/ar/contact-form/index.html]
[web.derayah.com/wp-content/uploads/2017/12/860621809.jpg]
[web.derayah.com/wp-content/uploads/2017/12/1200x801.jpg]
[web.derayah.com/wp-content/plugins/wp-google-maps/js/wpgmapsc147.js]
[web.derayah.com/ar/contact-us/index.html]
[web.derayah.com/ar/wp-json/oembed/1.0/embedfb62.json]
[web.derayah.com/ar/wp-json/oembed/1.0/embedf9b4]
[web.derayah.com/wp-content/uploads/2017/11/slogan-3-e1514474135475.png]
[web.derayah.com/wp-content/uploads/2017/11/Untitled-5-1.png]
[web.derayah.com/ar/about-us/index.html]
[web.derayah.com/ar/wp-json/oembed/1.0/embedf797.json]
[web.derayah.com/ar/wp-json/oembed/1.0/embedaf63]
[web.derayah.com/ar/login/index.html]
[web.derayah.com/ar/wp-json/oembed/1.0/embed308c.json]
[web.derayah.com/ar/index9c73.html]
[web.derayah.com/ar/wp-json/oembed/1.0/embedda3c]
[web.derayah.com/wp-content/uploads/2017/12/DSC_5293-e1512991623878-230x230.jpg]
[web.derayah.com/wp-content/uploads/2018/08/5R9A9220-2-e1533719953281-230x230.jpg]
[web.derayah.com/ar/board/طه-بن-عبدالله-القويز/index.html]
[web.derayah.com/wp-content/uploads/2017/12/DSC_5278-e1512998292779-230x230.jpg]
[web.derayah.com/ar/board/abdulrahman-m-alrashed/index.html]
[web.derayah.com/wp-content/uploads/2017/12/DSC_5281-e1512992411161-230x230.jpg]
[web.derayah.com/ar/board/fahad-bin-saad-alsaud/index.html]
[web.derayah.com/wp-content/uploads/2017/12/DSC_5285-e1512992654773-230x230.jpg]
[web.derayah.com/ar/board/زكي-الشويعر/index.html]
[web.derayah.com/wp-content/uploads/2017/12/44-230x230.jpg]
[web.derayah.com/ar/board/khalid-m-abalkhail/index.html]
[web.derayah.com/wp-content/uploads/2018/08/IMG_3961111-e1533640133243-230x230.jpg]
[web.derayah.com/ar/board-of-directors/index.html]
[web.derayah.com/ar/board/faris-alrashed-alhumaid/index.html]
[web.derayah.com/ar/board/ibrahim-a-aljammaz/index.html]
[web.derayah.com/ar/wp-json/oembed/1.0/embed7eaa]
[web.derayah.com/ar/index7e39.html]
[web.derayah.com/ar/wp-json/oembed/1.0/embedecf7]
[web.derayah.com/wp-content/uploads/2017/12/DSC_1-230x230.jpg]
[web.derayah.com/ar/management/mohammed-alshammasi/index.html]
[web.derayah.com/wp-content/uploads/2017/12/DSC_51777-e1512936420869-230x230.jpg]
[web.derayah.com/ar/management/emad-a-neqresh/index.html]
[web.derayah.com/wp-content/uploads/2017/12/DSC_5168-e1512936801956-230x230.jpg]
[web.derayah.com/wp-content/uploads/2017/12/DSC_51588-e1512936955288-230x230.jpg]
[web.derayah.com/ar/management/بلال-بشناق/index.html]
[web.derayah.com/wp-content/uploads/2019/09/DSC_5126ff-3-230x230.jpg]
[web.derayah.com/ar/management/hossam-badr/index.html]
[web.derayah.com/wp-content/uploads/2019/09/alnahash-4-230x230.jpg]
[web.derayah.com/ar/management/bassam-noor/index.html]
[web.derayah.com/wp-content/uploads/2019/09/Mishal-4-230x230.jpg]
[web.derayah.com/ar/management/محمد-النهاش/index.html]
[web.derayah.com/wp-content/uploads/2017/12/Slide2-2.png]
[web.derayah.com/ar/management/مشعل-الحقباني/index.html]
[web.derayah.com/ar/management-team/index.html]
[web.derayah.com/ar/wp-json/oembed/1.0/embed.e44c0d.delayed]
[web.derayah.com/ar/index559c.html]
[web.derayah.com/ar/wp-json/oembed/1.0/embedab59]
[web.derayah.com/wp-content/uploads/2017/12/ticksizear.png]
[web.derayah.com/wp-content/uploads/2017/12/T2_Settlement_Ar.png]
[web.derayah.com/wp-content/uploads/2017/12/InvestorAwarnessAr.png]
[web.derayah.com/wp-content/uploads/2017/12/TadawulatyInfoGraphArb.png]
[web.derayah.com/wp-content/uploads/2017/12/ar15b43.jpg]
[web.derayah.com/wp-content/uploads/2017/12/ar25b43.jpg]
[web.derayah.com/wp-content/uploads/2017/12/ar35b43.jpg]
[web.derayah.com/wp-content/uploads/2017/12/ar45b43.jpg]
[web.derayah.com/wp-content/uploads/2017/12/ar55b43.jpg]
[web.derayah.com/wp-content/uploads/2017/12/ar65b43.jpg]
[web.derayah.com/wp-content/uploads/2017/12/ar75b43.jpg]
[web.derayah.com/wp-content/uploads/2017/12/ar85b43.jpg]
[web.derayah.com/wp-content/uploads/2017/12/ar95b43.jpg]
[web.derayah.com/wp-content/uploads/2017/12/ar105b43.jpg]
[web.derayah.com/wp-content/uploads/2017/12/Example_of_some_Violation_ar.jpg]
[web.derayah.com/wp-content/uploads/2017/12/ar155b43.jpg]
[web.derayah.com/wp-content/uploads/2017/12/ar145b43.jpg]
[web.derayah.com/wp-content/uploads/2017/12/How_to_read_ar.jpg]
[web.derayah.com/wp-content/uploads/2017/12/ar125b43.jpg]
[web.derayah.com/wp-content/uploads/2017/12/ar135b43.jpg]
[web.derayah.com/wp-content/uploads/2017/12/SIMag1dac8.jpg]
[web.derayah.com/ar/resarch/index.html]
[web.derayah.com/ar/wp-json/oembed/1.0/embed97d4]
[web.derayah.com/ar/index1c50.html]
[web.derayah.com/ar/wp-json/oembed/1.0/embed1824]
[web.derayah.com/wp-content/plugins/ultimate-faqs/js/ewd-ufaq-jsd2ac.js]
[web.derayah.com/ar/ufaqs/ما-معني-دراية؟/index.html]
[web.derayah.com/wp-includes/js/jquery/ui/core.mine899.js]
[web.derayah.com/wp-includes/js/jquery/ui/effect.mine899.js]
[web.derayah.com/ar/ufaqs/كم-عدد-الأسواق-المتاحة-لي-ويمكنني-التد/index.html]
[web.derayah.com/ar/ufaqs/هل-شركة-دراية-مرخص-لها؟/index.html]
[web.derayah.com/wp-includes/js/jquery/ui/widget.mine899.js]
[web.derayah.com/wp-includes/js/jquery/ui/position.mine899.js]
[web.derayah.com/wp-includes/js/jquery/ui/menu.mine899.js]
[web.derayah.com/wp-includes/js/wp-a11y.min4a41.js]
[web.derayah.com/wp-includes/js/jquery/ui/autocomplete.mine899.js]
[web.derayah.com/wp-includes/js/jquery/ui/effect-fade.mine899.js]
[web.derayah.com/wp-includes/js/jquery/ui/effect-size.mine899.js]
[web.derayah.com/wp-includes/js/jquery/ui/effect-scale.mine899.js]
[web.derayah.com/wp-includes/js/jquery/ui/effect-transfer.mine899.js]
[web.derayah.com/ar/faq/index.html]
[web.derayah.com/ar/wp-json/oembed/1.0/embedce70]
[web.derayah.com/ar/index6ade.html]
[web.derayah.com/ar/wp-json/oembed/1.0/embed5244]
[web.derayah.com/ar/featured-blog/index.html]
[web.derayah.com/ar/wp-json/oembed/1.0/embed76d2]
[web.derayah.com/ar/index5295.html]
[web.derayah.com/ar/wp-json/oembed/1.0/embed9123]
[web.derayah.com/ar/careers/index.html]
[web.derayah.com/ar/wp-json/oembed/1.0/embedee68]
[web.derayah.com/ar/index4e6a.html]
[web.derayah.com/ar/wp-json/oembed/1.0/embed279e]
[img.youtube.com/vi/sg9g3lGqnwk/hqdefault.jpg]
[img.youtube.com/vi/QykHFHBB250/hqdefault.jpg]
[img.youtube.com/vi/LZ5m8IWOeRU/hqdefault.jpg]
[img.youtube.com/vi/ak73RQ9bgEo/hqdefault.jpg]
[img.youtube.com/vi/j5747B7BOo8/hqdefault.jpg]
[img.youtube.com/vi/NXZuU4zg6m0/hqdefault.jpg]
[img.youtube.com/vi/LBd6Qmjfv24/hqdefault.jpg]
[img.youtube.com/vi/TM5gRimfIxo/hqdefault.jpg]
[img.youtube.com/vi/BfAoVV10vpA/hqdefault.jpg]
[img.youtube.com/vi/bcKhxGh6JPY/hqdefault.jpg]
[img.youtube.com/vi/cOkhLkUAh4k/hqdefault.jpg]
[img.youtube.com/vi/ZeapmddsMNk/hqdefault.jpg]
[img.youtube.com/vi/Vf-_WPvNnhI/hqdefault.jpg]
[img.youtube.com/vi/RcKU5LJj8fE/hqdefault.jpg]
[img.youtube.com/vi/YQvHhE7-foE/hqdefault.jpg]
[img.youtube.com/vi/cuvxWVMmFYE/hqdefault.jpg]
[web.derayah.com/ar/clients-support/index.html]
[web.derayah.com/wp-content/plugins/revslider/public/assets/fonts/font-awesome/css/font-awesome.css]
[web.derayah.com/wp-content/plugins/yikes-inc-easy-mailchimp-extender/public/css/yikes-inc-easy-mailchimp-extender-public.min4a41.css]
[www.derayah.com/css/slider.html]
[web.derayah.com/wp-content/plugins/ultimate-faqs/css/fonts/ewd-toggle-icon.svg]
[web.derayah.com/wp-content/themes/deraya/vendors/scrolling-tabs/jquery.scrolling-tabs.css]
[web.derayah.com/wp-content/themes/deraya/css/fonts/fontawesome-webfont3e6e.svg]
[web.derayah.com/ar/index8fec.html]
[web.derayah.com/ar/index6cf3.html]
[web.derayah.com/ar/indexb916.html]
[web.derayah.com/ar/index1e4c.html]
[web.derayah.com/ar/indexe1b8.html]
[web.derayah.com/ar/index3965.html]
[web.derayah.com/ar/index6ca3.html]
[web.derayah.com/ar/index45ff.html]
[web.derayah.com/ar/index5b8d.html]
[web.derayah.com/ar/index0ced.html]
[web.derayah.com/ar/indexd0d3.html]
[web.derayah.com/ar/index197a.html]
[web.derayah.com/ar/index03e1.html]
[web.derayah.com/ar/index1639.html]
[web.derayah.com/ar/indexcfe0.html]
[web.derayah.com/ar/indexd832.html]
[web.derayah.com/ar/index9076.html]
[web.derayah.com/ar/case-form/index.html]
[web.derayah.com/ar/contact-form/index.html]
[web.derayah.com/wp-content/plugins/wp-google-maps/images/premium.png]
[web.derayah.com/wp-content/plugins/wp-google-maps/images/WP-google-maps-logo-1-B-transparent.png]
[web.derayah.com/wp-content/plugins/wp-google-maps/css/wpgmza_style13ff.css]
[web.derayah.com/ar/indexc524.html]
[web.derayah.com/ar/index3388.html]
[web.derayah.com/ar/index9c73.html]
[web.derayah.com/ar/wp-json/oembed/1.0/embedda3c.html]
[web.derayah.com/ar/board/طه-بن-عبدالله-القويز/index.html]
[web.derayah.com/ar/board/abdulrahman-m-alrashed/index.html]
[web.derayah.com/ar/board/fahad-bin-saad-alsaud/index.html]
[web.derayah.com/ar/board/زكي-الشويعر/index.html]
[web.derayah.com/ar/board/khalid-m-abalkhail/index.html]
[web.derayah.com/ar/board/faris-alrashed-alhumaid/index.html]
[web.derayah.com/ar/board/ibrahim-a-aljammaz/index.html]
[web.derayah.com/ar/index7e39.html]
[web.derayah.com/ar/wp-json/oembed/1.0/embed7eaa.html]
[web.derayah.com/ar/wp-json/oembed/1.0/embedecf7.html]
[web.derayah.com/ar/management/mohammed-alshammasi/index.html]
[web.derayah.com/ar/management/emad-a-neqresh/index.html]
[web.derayah.com/ar/management/بلال-بشناق/index.html]
[web.derayah.com/ar/management/hossam-badr/index.html]
[web.derayah.com/ar/management/bassam-noor/index.html]
[web.derayah.com/ar/management/محمد-النهاش/index.html]
[web.derayah.com/ar/management/مشعل-الحقباني/index.html]
[web.derayah.com/ar/index559c.html]
[web.derayah.com/ar/wp-json/oembed/1.0/embed4c0d.html]
[web.derayah.com/ar/wp-json/oembed/1.0/embedab59.html]
[web.derayah.com/ar/index1c50.html]
[web.derayah.com/ar/wp-json/oembed/1.0/embed97d4.html]
[web.derayah.com/ar/wp-json/oembed/1.0/embed1824.html]
[web.derayah.com/ar/ufaqs/ما-معني-دراية؟/index.html]
[web.derayah.com/ar/ufaqs/كم-عدد-الأسواق-المتاحة-لي-ويمكنني-التد/index.html]
[web.derayah.com/ar/ufaqs/هل-شركة-دراية-مرخص-لها؟/index.html]
[web.derayah.com/ar/index6ade.html]
[web.derayah.com/ar/wp-json/oembed/1.0/embedce70.html]
[web.derayah.com/ar/wp-json/oembed/1.0/embed5244.html]
[web.derayah.com/ar/index5295.html]
[web.derayah.com/ar/wp-json/oembed/1.0/embed76d2.html]
[web.derayah.com/ar/wp-json/oembed/1.0/embed9123.html]
[web.derayah.com/ar/index4e6a.html]
[web.derayah.com/ar/wp-json/oembed/1.0/embedee68.html]
[web.derayah.com/ar/wp-json/oembed/1.0/embed279e.html]
[web.derayah.com/wp-content/themes/deraya/css/rtl.css]
